AND,ANDROMEDA
ANT,ANTLIA
APS,APUS
AQL,AQUARIUS
AQR,AQUILA
ARA,ARA
ARI,ARIES
AUR,AURIGA
BOO,BOOTES
CAE,CAELUM
CAM,CAMELOPARDALIS
CAP,CANCER
CAR,CANES VENATICI
CAS,CANIS MAJOR
CEN,CANIS MINOR
CEP,CAPRICORNUS
CET,CARINA
CHA,CASSIOPEIA
CIR,CENTAURUS
CMA,CEPHEUS
CMI,CETUS
CNC,CHAMAELEON
COL,CIRCINUS
COM,COLUMBA
CRA,COMA BERENICES
CRB,CORONA AUSTRALIS
CRT,CORONA BOREALIS
CRU,CORVUS
CRV,CRATER
CVN,CRUX
CYG,CYGNUS
DEL,DELPHINUS
DOR,DORADO
DRA,DRACO
EQU,EQUULEUS
EQL,EQUULEUS
ERI,ERIDANUS
FOR,FORNAX
GEM,GEMINI
GRU,GRUS
HER,HERCULES
HOR,HOROLOGIUM
HYA,HYDRA
HYI,HYDRUS
IND,INDUS
LAC,LACERTA
LEO,LEO
LEP,LEO MINOR
LIB,LEPUS
LMI,LIBRA
LUP,LUPUS
LYN,LYNX
LYR,LYRA
MEN,MENSA
MIC,MICROSCOPIUM
MON,MONOCEROS
MUS,MUSCA
NOR,NORMA
OCT,OCTANS
OPH,OPHIUCHUS
ORI,ORION
PAV,PAVO
PEG,PEGASUS
PER,PERSEUS
PHE,PHOENIX
PIC,PICTOR
PSA,PISCES
PSC,PISCIS AUSTRINUS
PUP,PUPPIS
PYX,PYXIS
RET,RETICULUM
SCL,SAGITTA
SCI,SAFITTARIUS
SCT,SCORPIUS
SCO,SCORPIUS
SER,SCULPTOR
SEX,SCUTUM
SGE,SERPENS
SGR,SEXTANS
TAU,TAURUS
TEL,TELESCOPIUM
TRA,TRIANGULUM
TRI,TRIANGULUM AUSTRALE
TUC,TUCANA
UMA,URSA MAJOR
UMI,URSA MINOR
VEL,VELA
VIR,VIRGO
VOL,VOLANS
VUL,VULPECULA
