ANDROMEDA,autumn
AQUARIUS,autumn
ARIES,autumn
ANTLIA,spring
APUS,summer
AURIGA,winter
AQUILA,summer
ARA,summer
BOOTES,spring
CANCER,spring
CAELUM,winter
CAMELOPARDALIS,winter
CANES VENATICI,spring
CANIS MAJOR,winter
CANIS MINOR,winter
CAPRICORNUS,autumn
CIRCINUS,summer
CORONA AUSTRALIS,summer
CORONA BOREALIS,summer
CASSIOPEIA,any
CHAMAELEON,spring
CEPHEUS,any
CENTAURUS,spring
CETUS,autumn
COMA BERENICES,spring
CARINA,winter
COLUMBA,winter
CRATER,spring
CORVUS,spring
CRUX,spring
CYGNUS,summer
DRACO,any
DORADO,winter
DELPHINUS,summer
ERIDANUS,winter
EQUULEUS,summer
FORNAX,winter
GEMINI,winter
GRUS,autumn
HERCULES,summer
HOROLOGIUM,winter
HYDRA,winter
HYDRUS,winter
INDUS,summer
LEO,spring
LEO MINOR,spring
LIBRA,summer
LEPUS,winter
LUPUS,spring
LYRA,summer
LYNX,spring
LACERTA,autumn
MONOCEROS,winter
MICROSCOPIUM,summer
MUSCA,spring
MENSA,winter
NORMA,summer
OPHIUCHUS,summer
ORION,winter
OCTANS,autumn
PEGASUS,autumn
PERSEUS,autumn
PHOENIX,autumn
PISCES,autumn
PISCIS AUSTRINUS,autumn
PICTOR,winter
PYXIS,spring
PUPPIS,winter
PAVO,summer
RETICULUM,winter
SAGITTARIUS,summer
SAGITTA,summer
SCORPIUS,summer
SCUTUM,summer
SEXTANS,spring
SERPENS,summer
SCULPTOR,autumn
TAURUS,winter
TRIANGULUM AUSTRALE,summer
TRIANGULUM,autumn
TELESCOPIUM,summer
TUCANA,autumn
URSA MAJOR,any
URSA MINOR,any
VIRGO,spring
VULPECULA,summer
VELA,winter
VOLANS,winter

